------------------------------------------------------------
Timing Analyzer Summary
------------------------------------------------------------

Type  : Slow 1100mV 85C Model Setup 'clk'
Slack : -2.234
TNS   : -75.404

Type  : Slow 1100mV 85C Model Hold 'clk'
Slack : 0.424
TNS   : 0.000

Type  : Slow 1100mV 85C Model Minimum Pulse Width 'clk'
Slack : -0.538
TNS   : -28.888

Type  : Slow 1100mV 0C Model Setup 'clk'
Slack : -2.252
TNS   : -75.864

Type  : Slow 1100mV 0C Model Hold 'clk'
Slack : 0.436
TNS   : 0.000

Type  : Slow 1100mV 0C Model Minimum Pulse Width 'clk'
Slack : -0.538
TNS   : -29.164

Type  : Fast 1100mV 85C Model Setup 'clk'
Slack : -0.399
TNS   : -11.124

Type  : Fast 1100mV 85C Model Hold 'clk'
Slack : 0.181
TNS   : 0.000

Type  : Fast 1100mV 85C Model Minimum Pulse Width 'clk'
Slack : -0.097
TNS   : -3.508

Type  : Fast 1100mV 0C Model Setup 'clk'
Slack : -0.314
TNS   : -8.081

Type  : Fast 1100mV 0C Model Hold 'clk'
Slack : 0.173
TNS   : 0.000

Type  : Fast 1100mV 0C Model Minimum Pulse Width 'clk'
Slack : -0.099
TNS   : -3.587

------------------------------------------------------------
